This is XeTeX, Version 3.141592653-2.6-0.999998 (MiKTeX 26.5) (preloaded format=xelatex 2026.9.9)  23 SEP 2026 10:01
entering extended mode
 restricted \write18 enabled.
 %&-line parsing enabled.
**./resume-ant-agentteam-education-v4.tex
(resume-ant-agentteam-education-v4.tex
LaTeX2e <2026-06-01>
L3 programming layer <2026-06-18>
(resume.cls
Document Class: resume 2015/05/25 An elegant Résumé class
(D:\software\miktex\tex/latex/base\article.cls
Document Class: article 2025/01/22 v1.4n Standard LaTeX document class
(D:\software\miktex\tex/latex/base\size11.clo
File: size11.clo 2025/01/22 v1.4n Standard LaTeX file (size option)
)
\c@part=\count273
\c@section=\count274
\c@subsection=\count275
\c@subsubsection=\count276
\c@paragraph=\count277
\c@subparagraph=\count278
\c@figure=\count279
\c@table=\count280
\abovecaptionskip=\skip49
\belowcaptionskip=\skip50
\bibindent=\dimen150
)
(D:\software\miktex\tex/latex/xltxtra\xltxtra.sty
Package: xltxtra 2018/12/31 v0.7 Improvements for the "XeLaTeX" format

(D:\software\miktex\tex/generic/iftex\ifluatex.sty
Package: ifluatex 2019/10/25 v1.5 ifluatex legacy package. Use iftex instead.

(D:\software\miktex\tex/generic/iftex\iftex.sty
Package: iftex 2024/12/12 v1.0g TeX engine tests
))
(D:\software\miktex\tex/generic/iftex\ifxetex.sty
Package: ifxetex 2019/10/25 v0.7 ifxetex legacy package. Use iftex instead.
)
(D:\software\miktex\tex/latex/fontspec\fontspec.sty
(D:\software\miktex\tex/latex/l3packages/xparse\xparse.sty
(D:\software\miktex\tex/latex/l3kernel\expl3.sty
Package: expl3 2026-06-18 L3 programming layer (loader) 

(D:\software\miktex\tex/latex/l3backend\l3backend-xetex.def
File: l3backend-xetex.def 2026-02-18 L3 backend support: XeTeX
\g__graphics_track_int=\count281
\g__pdfannot_backend_int=\count282
\g__pdfannot_backend_link_int=\count283
))
Package: xparse 2025-10-09 L3 Experimental document command parser
)
Package: fontspec 2025/09/29 v2.9g Font selection for XeLaTeX and LuaLaTeX

(D:\software\miktex\tex/latex/fontspec\fontspec-xetex.sty
Package: fontspec-xetex 2025/09/29 v2.9g Font selection for XeLaTeX and LuaLaTe
X
\l__fontspec_script_int=\count284
\l__fontspec_language_int=\count285
\l__fontspec_strnum_int=\count286
\l__fontspec_tmp_int=\count287
\l__fontspec_tmpa_int=\count288
\l__fontspec_tmpb_int=\count289
\l__fontspec_tmpc_int=\count290
\l__fontspec_em_int=\count291
\l__fontspec_emdef_int=\count292
\l__fontspec_strong_int=\count293
\l__fontspec_strongdef_int=\count294
\l__fontspec_tmpa_dim=\dimen151
\l__fontspec_tmpb_dim=\dimen152
\l__fontspec_tmpc_dim=\dimen153

(D:\software\miktex\tex/latex/base\fontenc.sty
Package: fontenc 2025/07/18 v2.1d Standard LaTeX package
)
(D:\software\miktex\tex/latex/fontspec\fontspec.cfg)))
(D:\software\miktex\tex/latex/realscripts\realscripts.sty
Package: realscripts 2016/02/13 v0.3d Access OpenType subscripts and superscrip
ts
\subsupersep=\dimen154
)
(D:\software\miktex\tex/latex/metalogo\metalogo.sty
Package: metalogo 2010/05/29 v0.12 Extended TeX logo macros

(D:\software\miktex\tex/latex/graphics\graphicx.sty
Package: graphicx 2026-05-17 v1.2e Enhanced LaTeX Graphics (DPC,SPQR)

(D:\software\miktex\tex/latex/graphics\keyval.sty
Package: keyval 2026-05-17 v1.15 key=value parser (DPC)
\KV@toks@=\toks17
)
(D:\software\miktex\tex/latex/graphics\graphics.sty
Package: graphics 2026-05-17 v1.4h Standard LaTeX Graphics (DPC,SPQR)

(D:\software\miktex\tex/latex/graphics\trig.sty
Package: trig 2023/12/02 v1.11 sin cos tan (DPC)
)
(D:\software\miktex\tex/latex/graphics-cfg\graphics.cfg
File: graphics.cfg 2016/06/04 v1.11 sample graphics configuration
)
Package graphics Info: Driver file: xetex.def on input line 106.

(D:\software\miktex\tex/latex/graphics-def\xetex.def
File: xetex.def 2025/11/01 v5.0p Graphics/color driver for xetex
))
\Gin@req@height=\dimen155
\Gin@req@width=\dimen156
)
\xl@everylogo=\toks18
\xl@@everylogo=\toks19
LaTeX Info: Redefining \TeX on input line 193.
LaTeX Info: Redefining \LaTeX on input line 202.
LaTeX Info: Redefining \LaTeXe on input line 219.
)
\l__xetex_show_hyphens_wrapping_box=\box53
\l__xetex_show_hyphens_temp_box=\box54
\l__xetex_show_hyphens_final_box=\box55
\g__xetex_show_hyphens_word_box=\box56
)
(D:\software\miktex\tex/latex/xifthen\xifthen.sty
Package: xifthen 2015/11/05 v1.4.0 Extended ifthen features

(D:\software\miktex\tex/latex/tools\calc.sty
Package: calc 2025/03/01 v4.3b Infix arithmetic (KKT,FJ)
\calc@Acount=\count295
\calc@Bcount=\count296
\calc@Adimen=\dimen157
\calc@Bdimen=\dimen158
\calc@Askip=\skip51
\calc@Bskip=\skip52
LaTeX Info: Redefining \setlength on input line 86.
LaTeX Info: Redefining \addtolength on input line 87.
\calc@Ccount=\count297
\calc@Cskip=\skip53
)
(D:\software\miktex\tex/latex/base\ifthen.sty
Package: ifthen 2024/03/16 v1.1e Standard LaTeX ifthen package (DPC)
)
(D:\software\miktex\tex/latex/ifmtarg\ifmtarg.sty
Package: ifmtarg 2018/04/16 v1.2b check for an empty argument
))
(D:\software\miktex\tex/latex/hyperref\hyperref.sty
Package: hyperref 2026-06-17 v7.01r Hypertext links for LaTeX

(D:\software\miktex\tex/latex/kvsetkeys\kvsetkeys.sty
Package: kvsetkeys 2022-10-05 v1.19 Key value parser (HO)
)
(D:\software\miktex\tex/generic/kvdefinekeys\kvdefinekeys.sty
Package: kvdefinekeys 2019-12-19 v1.6 Define keys (HO)
)
(D:\software\miktex\tex/generic/pdfescape\pdfescape.sty
Package: pdfescape 2019/12/09 v1.15 Implements pdfTeX's escape features (HO)

(D:\software\miktex\tex/generic/ltxcmds\ltxcmds.sty
Package: ltxcmds 2023-12-04 v1.26 LaTeX kernel commands for general use (HO)
)
(D:\software\miktex\tex/generic/pdftexcmds\pdftexcmds.sty
Package: pdftexcmds 2020-06-27 v0.33 Utility functions of pdfTeX for LuaTeX (HO
)

(D:\software\miktex\tex/generic/infwarerr\infwarerr.sty
Package: infwarerr 2019/12/03 v1.5 Providing info/warning/error messages (HO)
)
Package pdftexcmds Info: \pdf@primitive is available.
Package pdftexcmds Info: \pdf@ifprimitive is available.
Package pdftexcmds Info: \pdfdraftmode not found.
))
(D:\software\miktex\tex/latex/hycolor\hycolor.sty
Package: hycolor 2020-01-27 v1.10 Color options for hyperref/bookmark (HO)
)
(D:\software\miktex\tex/latex/hyperref\nameref.sty
Package: nameref 2026-01-29 v2.58 Cross-referencing by name of section

(D:\software\miktex\tex/latex/refcount\refcount.sty
Package: refcount 2019/12/15 v3.6 Data extraction from label references (HO)
)
(D:\software\miktex\tex/generic/gettitlestring\gettitlestring.sty
Package: gettitlestring 2019/12/15 v1.6 Cleanup title references (HO)

(D:\software\miktex\tex/latex/kvoptions\kvoptions.sty
Package: kvoptions 2022-06-15 v3.15 Key value format for package options (HO)
))
\c@section@level=\count298
)
(D:\software\miktex\tex/latex/etoolbox\etoolbox.sty
Package: etoolbox 2025/10/02 v2.5m e-TeX tools for LaTeX (JAW)
\etb@tempcnta=\count299
)
(D:\software\miktex\tex/generic/stringenc\stringenc.sty
Package: stringenc 2019/11/29 v1.12 Convert strings between diff. encodings (HO
)
)
\@linkdim=\dimen159
\Hy@linkcounter=\count300
\Hy@pagecounter=\count301

(D:\software\miktex\tex/latex/hyperref\pd1enc.def
File: pd1enc.def 2026-06-17 v7.01r Hyperref: PDFDocEncoding definition (HO)
)
(D:\software\miktex\tex/generic/intcalc\intcalc.sty
Package: intcalc 2019/12/15 v1.3 Expandable calculations with integers (HO)
)
\Hy@SavedSpaceFactor=\count302

(D:\software\miktex\tex/latex/hyperref\puenc.def
File: puenc.def 2026-06-17 v7.01r Hyperref: PDF Unicode definition (HO)
)
Package hyperref Info: Hyper figures OFF on input line 4199.
Package hyperref Info: Link nesting OFF on input line 4204.
Package hyperref Info: Hyper index ON on input line 4207.
Package hyperref Info: Plain pages OFF on input line 4214.
Package hyperref Info: Backreferencing OFF on input line 4219.
Package hyperref Info: Implicit mode ON; LaTeX internals redefined.
Package hyperref Info: Bookmarks ON on input line 4466.
\c@Hy@tempcnt=\count303

(D:\software\miktex\tex/latex/url\url.sty
\Urlmuskip=\muskip17
Package: url 2013/09/16  ver 3.4  Verb mode for urls, etc.
)
LaTeX Info: Redefining \url on input line 4805.
\XeTeXLinkMargin=\dimen160

(D:\software\miktex\tex/generic/bitset\bitset.sty
Package: bitset 2019/12/09 v1.3 Handle bit-vector datatype (HO)

(D:\software\miktex\tex/generic/bigintcalc\bigintcalc.sty
Package: bigintcalc 2019/12/15 v1.5 Expandable calculations on big integers (HO
)
))
\Fld@menulength=\count304
\Field@Width=\dimen161
\Fld@charsize=\dimen162
Package hyperref Info: Hyper figures OFF on input line 6091.
Package hyperref Info: Link nesting OFF on input line 6096.
Package hyperref Info: Hyper index ON on input line 6099.
Package hyperref Info: backreferencing OFF on input line 6106.
Package hyperref Info: Link coloring OFF on input line 6111.
Package hyperref Info: Link coloring with OCG OFF on input line 6116.
Package hyperref Info: PDF/A mode OFF on input line 6121.
\Hy@abspage=\count305
\c@Item=\count306
\c@Hfootnote=\count307
)
Package hyperref Info: Driver (autodetected): hxetex.

(D:\software\miktex\tex/latex/hyperref\hxetex.def
File: hxetex.def 2026-06-17 v7.01r Hyperref driver for XeTeX
\pdfm@box=\box57
\c@Hy@AnnotLevel=\count308
\HyField@AnnotCount=\count309
\Fld@listcount=\count310
\c@bookmark@seq@number=\count311

(D:\software\miktex\tex/latex/rerunfilecheck\rerunfilecheck.sty
Package: rerunfilecheck 2025-06-21 v1.11 Rerun checks for auxiliary files (HO)

(D:\software\miktex\tex/generic/uniquecounter\uniquecounter.sty
Package: uniquecounter 2019/12/15 v1.4 Provide unlimited unique counter (HO)
)
Package uniquecounter Info: New unique counter `rerunfilecheck' on input line 2
84.
)
\Hy@SectionHShift=\skip54
)
(fontawesome.sty
Package: fontawesome 2016/05/15 v4.6.3 font awesome icons
 (fontawesomesymbols-generic.tex)

Package fontspec Info: 
(fontspec)             FontAwesome scale = 0.85.


Package fontspec Info: 
(fontspec)             FontAwesome scale = 0.85.


Package fontspec Info: 
(fontspec)             FontAwesome scale = 0.85.


Package fontspec Info: 
(fontspec)             Font family 'FontAwesome(0)' created for font
(fontspec)             'FontAwesome' with options [Path =
(fontspec)             fonts/fontawesome/opentype/,Scale = 0.85,SmallCapsFont
(fontspec)             = *].
(fontspec)              
(fontspec)              This font family consists of the following NFSS
(fontspec)             series/shapes:
(fontspec)              
(fontspec)             - 'normal' (m/n) with NFSS spec.:
(fontspec)             <->s*[0.85]"[fonts/fontawesome/opentype/FontAwesome]/OT:
language=dflt;"
(fontspec)             - 'small caps'  (m/sc) with NFSS spec.:
(fontspec)             <->s*[0.85]"[fonts/fontawesome/opentype/FontAwesome]/OT:
language=dflt;"


(fontawesomesymbols-xeluatex.tex))

Package fontspec Info: 
(fontspec)             Font family 'texgyretermes(0)' created for font
(fontspec)             'texgyretermes' with options [Ligatures=TeX,Path =
(fontspec)             fonts/Main/,Extension = .otf,UprightFont =
(fontspec)             *-regular,BoldFont = *-bold,ItalicFont =
(fontspec)             *-italic,BoldItalicFont = *-bolditalic,SmallCapsFont =
(fontspec)             Fontin-SmallCaps].
(fontspec)              
(fontspec)              This font family consists of the following NFSS
(fontspec)             series/shapes:
(fontspec)              
(fontspec)             - 'normal' (m/n) with NFSS spec.:
(fontspec)             <->"[fonts/Main/texgyretermes-regular.otf]/OT:script=lat
n;language=dflt;mapping=tex-text;"
(fontspec)             - 'small caps'  (m/sc) with NFSS spec.:
(fontspec)             <->"[fonts/Main/Fontin-SmallCaps.otf]/OT:script=latn;lan
guage=dflt;mapping=tex-text;"
(fontspec)             - 'bold' (b/n) with NFSS spec.:
(fontspec)             <->"[fonts/Main/texgyretermes-bold.otf]/OT:script=latn;l
anguage=dflt;mapping=tex-text;"
(fontspec)             - 'bold small caps'  (b/sc) with NFSS spec.:
(fontspec)             <->"[fonts/Main/Fontin-SmallCaps.otf]/OT:script=latn;lan
guage=dflt;mapping=tex-text;"
(fontspec)             - 'italic' (m/it) with NFSS spec.:
(fontspec)             <->"[fonts/Main/texgyretermes-italic.otf]/OT:script=latn
;language=dflt;mapping=tex-text;"
(fontspec)             - 'italic small caps'  (m/scit) with NFSS spec.:
(fontspec)             <->"[fonts/Main/Fontin-SmallCaps.otf]/OT:script=latn;lan
guage=dflt;mapping=tex-text;"
(fontspec)             - 'bold italic' (b/it) with NFSS spec.:
(fontspec)             <->"[fonts/Main/texgyretermes-bolditalic.otf]/OT:script=
latn;language=dflt;mapping=tex-text;"
(fontspec)             - 'bold italic small caps'  (b/scit) with NFSS spec.:
(fontspec)             <->"[fonts/Main/Fontin-SmallCaps.otf]/OT:script=latn;lan
guage=dflt;mapping=tex-text;"


(D:\software\miktex\tex/latex/geometry\geometry.sty
Package: geometry 2026/03/07 v6.0 Page Geometry

(D:\software\miktex\tex/generic/iftex\ifvtex.sty
Package: ifvtex 2019/10/25 v1.7 ifvtex legacy package. Use iftex instead.
)
\Gm@cnth=\count312
\Gm@cntv=\count313
\c@Gm@tempcnt=\count314
\Gm@bindingoffset=\dimen163
\Gm@wd@mp=\dimen164
\Gm@odd@mp=\dimen165
\Gm@even@mp=\dimen166
\Gm@layoutwidth=\dimen167
\Gm@layoutheight=\dimen168
\Gm@layouthoffset=\dimen169
\Gm@layoutvoffset=\dimen170
\Gm@dimlist=\toks20

(D:\software\miktex\tex/latex/geometry\geometry.cfg))
(D:\software\miktex\tex/latex/titlesec\titlesec.sty
Package: titlesec 2025/01/04 v2.17 Sectioning titles
\ttl@box=\box58
\beforetitleunit=\skip55
\aftertitleunit=\skip56
\ttl@plus=\dimen171
\ttl@minus=\dimen172
\ttl@toksa=\toks21
\titlewidth=\dimen173
\titlewidthlast=\dimen174
\titlewidthfirst=\dimen175
)
(D:\software\miktex\tex/latex/enumitem\enumitem.sty
Package: enumitem 2025/02/06 v3.11 Customized lists
\labelindent=\skip57
\enit@outerparindent=\dimen176
\enit@toks=\toks22
\enit@inbox=\box59
\enit@count@id=\count315
\enitdp@description=\count316
)
(D:\software\miktex\tex/generic/genmisc\nth.sty
Package: nth 2002/02/27
)) (NotoSerifCJKsc_external.sty
Package: NotoSerifCJKsc_external 2018/05/20 NotoSerifCJKsc_external Package

(D:\software\miktex\tex/xelatex/xecjk\xeCJK.sty
Package: xeCJK 2026/08/21 v3.10.6 Typesetting CJK scripts with XeLaTeX

(D:\software\miktex\tex/latex/ctex\ctexhook.sty
Package: ctexhook 2026/07/13 v2.6.4 Document and package hooks (CTEX)
)
(D:\software\miktex\tex/latex/ctex\ctexpatch.sty
Package: ctexpatch 2026/07/13 v2.6.4 Patching commands (CTEX)
)
(D:\software\miktex\tex/latex/l3packages/xtemplate\xtemplate.sty
Package: xtemplate 2025-10-09 L3 Experimental prototype document functions
)
\l__xeCJK_tmp_int=\count317
\l__xeCJK_tmp_box=\box60
\l__xeCJK_tmp_dim=\dimen177
\l__xeCJK_tmp_skip=\skip58
\g__xeCJK_space_factor_int=\count318
\l__xeCJK_begin_int=\count319
\l__xeCJK_end_int=\count320
\c__xeCJK_CJK_class_int=\XeTeXcharclass1
\c__xeCJK_FullLeft_class_int=\XeTeXcharclass2
\c__xeCJK_FullRight_class_int=\XeTeXcharclass3
\c__xeCJK_HalfLeft_class_int=\XeTeXcharclass4
\c__xeCJK_HalfRight_class_int=\XeTeXcharclass5
\c__xeCJK_NormalSpace_class_int=\XeTeXcharclass6
\c__xeCJK_CM_class_int=\XeTeXcharclass7
\c__xeCJK_HangulJamo_class_int=\XeTeXcharclass8
\c__xeCJK_HangulJamoL_class_int=\XeTeXcharclass9
\c__xeCJK_HangulJamoV_class_int=\XeTeXcharclass10
\c__xeCJK_HangulJamoT_class_int=\XeTeXcharclass11
\c__xeCJK_CJStarter_class_int=\XeTeXcharclass12
\c__xeCJK_PoZheHao_class_int=\XeTeXcharclass13
\l__xeCJK_interword_dim=\dimen178
\l__xeCJK_last_skip=\skip59
\c__xeCJK_none_node=\count321
\g__xeCJK_node_int=\count322
\c__xeCJK_CJK_node_dim=\dimen179
\c__xeCJK_CJK-space_node_dim=\dimen180
\c__xeCJK_default_node_dim=\dimen181
\c__xeCJK_CJK-widow_node_dim=\dimen182
\c__xeCJK_normalspace_node_dim=\dimen183
\c__xeCJK_default-space_node_skip=\skip60
\c__xeCJK_math_node_dim=\dimen184
\c__xeCJK_math-space_node_dim=\dimen185
\c__xeCJK_math-space-frozen_node_dim=\dimen186
\g__xeCJK_boundary_capture_depth_int=\count323
\g__xeCJK_boundary_suspend_depth_int=\count324
\g__xeCJK_boundary_capture_1_box=\box61
\g__xeCJK_boundary_capture_2_box=\box62
\g__xeCJK_boundary_capture_3_box=\box63
\l__xeCJK_boundary_post_box=\box64
\l__xeCJK_boundary_math_skip=\skip61
\l__xeCJK_boundary_math_actual_skip=\skip62
\l__xeCJK_boundary_math_ecglue_skip=\skip63
\l__xeCJK_boundary_math_delta_skip=\skip64
\l__xeCJK_boundary_math_space_dim=\dimen187
\l__xeCJK_boundary_math_ecglue_dim=\dimen188
\l__xeCJK_boundary_math_stretch_dim=\dimen189
\l__xeCJK_boundary_math_shrink_dim=\dimen190
\g__xeCJK_boundary_probe_type_int=\count325
\l__xeCJK_boundary_probe_box=\box65
\l__xeCJK_ccglue_skip=\skip65
\l__xeCJK_ecglue_skip=\skip66
\g__xeCJK_par_guard_dim=\dimen191
\l__xeCJK_punct_kern_skip=\skip67
\l__xeCJK_indent_box=\box66
\l__xeCJK_last_penalty_int=\count326
\l__xeCJK_last_bound_dim=\dimen192
\l__xeCJK_last_kern_dim=\dimen193
\l__xeCJK_widow_penalty_int=\count327

LaTeX template Info: Declaring template type 'xeCJK/punctuation' taking 0
(template)           argument(s) on line 4902.

\l__xeCJK_fixed_punct_width_dim=\dimen194
\l__xeCJK_mixed_punct_width_dim=\dimen195
\l__xeCJK_middle_punct_width_dim=\dimen196
\l__xeCJK_fixed_margin_width_dim=\dimen197
\l__xeCJK_mixed_margin_width_dim=\dimen198
\l__xeCJK_middle_margin_width_dim=\dimen199
\l__xeCJK_bound_punct_width_dim=\dimen256
\l__xeCJK_bound_margin_width_dim=\dimen257
\l__xeCJK_margin_minimum_dim=\dimen258
\l__xeCJK_kerning_total_width_dim=\dimen259
\l__xeCJK_same_align_margin_dim=\dimen260
\l__xeCJK_different_align_margin_dim=\dimen261
\l__xeCJK_kerning_margin_width_dim=\dimen262
\l__xeCJK_kerning_margin_minimum_dim=\dimen263
\l__xeCJK_bound_dim=\dimen264
\l__xeCJK_reverse_bound_dim=\dimen265
\l__xeCJK_margin_dim=\dimen266
\l__xeCJK_minimum_bound_dim=\dimen267
\l__xeCJK_kerning_margin_dim=\dimen268
\g__xeCJK_family_int=\count328
\l__xeCJK_fam_int=\count329
\g__xeCJK_fam_allocation_int=\count330
\l__xeCJK_verb_case_int=\count331
\l__xeCJK_verb_exspace_skip=\skip68
\l__xeCJK_default_char_int=\count332

(D:\software\miktex\tex/xelatex/xecjk\xeCJK.cfg
File: xeCJK.cfg 2026/08/21 v3.10.6 Configuration file for xeCJK package
))

Package fontspec Info: 
(fontspec)             Font family 'NotoSerifCJKsc-Regular.otf(0)' created for
(fontspec)             font 'NotoSerifCJKsc-Regular.otf' with options [Path =
(fontspec)             fonts/NotoSerifCJKsc/,Mapping=tex-text,Script={CJK},Smal
lCapsFont={NotoSerifCJKsc-Bold.otf},BoldFont={NotoSerifCJKsc-Bold.otf},ItalicFo
nt={NotoSerifCJKsc-Regular.otf}].
(fontspec)              
(fontspec)              This font family consists of the following NFSS
(fontspec)             series/shapes:
(fontspec)              
(fontspec)             - 'normal' (m/n) with NFSS spec.:
(fontspec)             <->"[fonts/NotoSerifCJKsc/NotoSerifCJKsc-Regular.otf]/OT
:script=hani;language=dflt;mapping=tex-text;"
(fontspec)             - 'small caps'  (m/sc) with NFSS spec.:
(fontspec)             <->"[fonts/NotoSerifCJKsc/NotoSerifCJKsc-Bold.otf]/OT:sc
ript=hani;language=dflt;mapping=tex-text;"
(fontspec)             - 'bold' (b/n) with NFSS spec.:
(fontspec)             <->"[fonts/NotoSerifCJKsc/NotoSerifCJKsc-Bold.otf]/OT:sc
ript=hani;language=dflt;mapping=tex-text;"
(fontspec)             - 'bold small caps'  (b/sc) with NFSS spec.:
(fontspec)             <->"[fonts/NotoSerifCJKsc/NotoSerifCJKsc-Bold.otf]/OT:sc
ript=hani;language=dflt;mapping=tex-text;"
(fontspec)             - 'italic' (m/it) with NFSS spec.:
(fontspec)             <->"[fonts/NotoSerifCJKsc/NotoSerifCJKsc-Regular.otf]/OT
:script=hani;language=dflt;mapping=tex-text;"
(fontspec)             - 'italic small caps'  (m/scit) with NFSS spec.:
(fontspec)             <->"[fonts/NotoSerifCJKsc/NotoSerifCJKsc-Bold.otf]/OT:sc
ript=hani;language=dflt;mapping=tex-text;"

)
(D:\software\miktex\tex/latex/xcolor\xcolor.sty
Package: xcolor 2024/09/29 v3.02 LaTeX color extensions (UK)

(D:\software\miktex\tex/latex/graphics-cfg\color.cfg
File: color.cfg 2016/01/02 v1.6 sample color configuration
)
Package xcolor Info: Driver file: xetex.def on input line 274.

(D:\software\miktex\tex/latex/graphics\mathcolor.ltx)
Package xcolor Info: Model `cmy' substituted by `cmy0' on input line 1349.
Package xcolor Info: Model `RGB' extended on input line 1365.
Package xcolor Info: Model `HTML' substituted by `rgb' on input line 1367.
Package xcolor Info: Model `Hsb' substituted by `hsb' on input line 1368.
Package xcolor Info: Model `tHsb' substituted by `hsb' on input line 1369.
Package xcolor Info: Model `HSB' substituted by `hsb' on input line 1370.
Package xcolor Info: Model `Gray' substituted by `gray' on input line 1371.
Package xcolor Info: Model `wave' substituted by `hsb' on input line 1372.
)

Package fontspec Info: 
(fontspec)             Font family 'times.ttf(0)' created for font 'times.ttf'
(fontspec)             with options
(fontspec)             [Ligatures=TeX,Ligatures=TeX,Path=C:/Windows/Fonts/,Bold
Font=timesbd.ttf,ItalicFont=timesi.ttf,BoldItalicFont=timesbi.ttf].
(fontspec)              
(fontspec)              This font family consists of the following NFSS
(fontspec)             series/shapes:
(fontspec)              
(fontspec)             - 'normal' (m/n) with NFSS spec.:
(fontspec)             <->"[C:/Windows/Fonts/times.ttf]/OT:script=latn;language
=dflt;mapping=tex-text;"
(fontspec)             - 'small caps'  (m/sc) with NFSS spec.:
(fontspec)             <->"[C:/Windows/Fonts/times.ttf]/OT:script=latn;language
=dflt;+smcp;mapping=tex-text;"
(fontspec)             - 'bold' (b/n) with NFSS spec.:
(fontspec)             <->"[C:/Windows/Fonts/timesbd.ttf]/OT:script=latn;langua
ge=dflt;mapping=tex-text;"
(fontspec)             - 'bold small caps'  (b/sc) with NFSS spec.:
(fontspec)             <->"[C:/Windows/Fonts/timesbd.ttf]/OT:script=latn;langua
ge=dflt;+smcp;mapping=tex-text;"
(fontspec)             - 'italic' (m/it) with NFSS spec.:
(fontspec)             <->"[C:/Windows/Fonts/timesi.ttf]/OT:script=latn;languag
e=dflt;mapping=tex-text;"
(fontspec)             - 'italic small caps'  (m/scit) with NFSS spec.:
(fontspec)             <->"[C:/Windows/Fonts/timesi.ttf]/OT:script=latn;languag
e=dflt;+smcp;mapping=tex-text;"
(fontspec)             - 'bold italic' (b/it) with NFSS spec.:
(fontspec)             <->"[C:/Windows/Fonts/timesbi.ttf]/OT:script=latn;langua
ge=dflt;mapping=tex-text;"
(fontspec)             - 'bold italic small caps'  (b/scit) with NFSS spec.:
(fontspec)             <->"[C:/Windows/Fonts/timesbi.ttf]/OT:script=latn;langua
ge=dflt;+smcp;mapping=tex-text;"



Package xeCJK Warning: Redefining CJKfamily `\CJKrmdefault'
(xeCJK)                (NotoSerifCJKsc-Regular.otf(0)).


Package fontspec Info: 
(fontspec)             Font family 'simkai.ttf(0)' created for font
(fontspec)             'simkai.ttf' with options
(fontspec)             [Ligatures=TeX,Script={CJK},Path={C:/Windows/Fonts/},Bol
dFeatures={FontIndex=0,FakeBold=2},BoldItalicFont={simsun.ttc},BoldItalicFeatur
es={FontIndex=0,FakeBold=2},BoldFont={simsun.ttc},ItalicFont={simkai.ttf}].
(fontspec)              
(fontspec)              This font family consists of the following NFSS
(fontspec)             series/shapes:
(fontspec)              
(fontspec)             - 'normal' (m/n) with NFSS spec.:
(fontspec)             <->"[C:/Windows/Fonts/simkai.ttf]/OT:script=hani;languag
e=dflt;mapping=tex-text;"
(fontspec)             - 'bold' (b/n) with NFSS spec.:
(fontspec)             <->"[C:/Windows/Fonts/simsun.ttc:0]/OT:script=hani;langu
age=dflt;embolden=2;mapping=tex-text;"
(fontspec)             - 'italic' (m/it) with NFSS spec.:
(fontspec)             <->"[C:/Windows/Fonts/simkai.ttf]/OT:script=hani;languag
e=dflt;mapping=tex-text;"
(fontspec)             - 'bold italic' (b/it) with NFSS spec.:
(fontspec)             <->"[C:/Windows/Fonts/simsun.ttc:0]/OT:script=hani;langu
age=dflt;embolden=2;mapping=tex-text;"


(C:/Users\pc\Documents\Gradient\_Assets\pdfs\简历\resume-ant-agentteam-education-
v4.aux)
\openout1 = `resume-ant-agentteam-education-v4.aux'.

LaTeX Font Info:    Checking defaults for OML/cmm/m/it on input line 53.
LaTeX Font Info:    ... okay on input line 53.
LaTeX Font Info:    Checking defaults for OMS/cmsy/m/n on input line 53.
LaTeX Font Info:    ... okay on input line 53.
LaTeX Font Info:    Checking defaults for OT1/cmr/m/n on input line 53.
LaTeX Font Info:    ... okay on input line 53.
LaTeX Font Info:    Checking defaults for T1/cmr/m/n on input line 53.
LaTeX Font Info:    ... okay on input line 53.
LaTeX Font Info:    Checking defaults for TS1/cmr/m/n on input line 53.
LaTeX Font Info:    ... okay on input line 53.
LaTeX Font Info:    Checking defaults for TU/lmr/m/n on input line 53.
LaTeX Font Info:    ... okay on input line 53.
LaTeX Font Info:    Checking defaults for OMX/cmex/m/n on input line 53.
LaTeX Font Info:    ... okay on input line 53.
LaTeX Font Info:    Checking defaults for U/cmr/m/n on input line 53.
LaTeX Font Info:    ... okay on input line 53.
LaTeX Font Info:    Checking defaults for PD1/pdf/m/n on input line 53.
LaTeX Font Info:    ... okay on input line 53.
LaTeX Font Info:    Checking defaults for PU/pdf/m/n on input line 53.
LaTeX Font Info:    ... okay on input line 53.

Package fontspec Info: 
(fontspec)             Adjusting the maths setup (use [no-math] to avoid
(fontspec)             this).

\symlegacymaths=\mathgroup4
LaTeX Font Info:    Overwriting symbol font `legacymaths' in version `bold'
(Font)                  OT1/cmr/m/n --> OT1/cmr/bx/n on input line 53.
LaTeX Font Info:    Redeclaring math accent \acute on input line 53.
LaTeX Font Info:    Redeclaring math accent \grave on input line 53.
LaTeX Font Info:    Redeclaring math accent \ddot on input line 53.
LaTeX Font Info:    Redeclaring math accent \tilde on input line 53.
LaTeX Font Info:    Redeclaring math accent \bar on input line 53.
LaTeX Font Info:    Redeclaring math accent \breve on input line 53.
LaTeX Font Info:    Redeclaring math accent \check on input line 53.
LaTeX Font Info:    Redeclaring math accent \hat on input line 53.
LaTeX Font Info:    Redeclaring math accent \dot on input line 53.
LaTeX Font Info:    Redeclaring math accent \mathring on input line 53.
LaTeX Font Info:    Redeclaring math symbol \colon on input line 53.
LaTeX Font Info:    Redeclaring math symbol \Gamma on input line 53.
LaTeX Font Info:    Redeclaring math symbol \Delta on input line 53.
LaTeX Font Info:    Redeclaring math symbol \Theta on input line 53.
LaTeX Font Info:    Redeclaring math symbol \Lambda on input line 53.
LaTeX Font Info:    Redeclaring math symbol \Xi on input line 53.
LaTeX Font Info:    Redeclaring math symbol \Pi on input line 53.
LaTeX Font Info:    Redeclaring math symbol \Sigma on input line 53.
LaTeX Font Info:    Redeclaring math symbol \Upsilon on input line 53.
LaTeX Font Info:    Redeclaring math symbol \Phi on input line 53.
LaTeX Font Info:    Redeclaring math symbol \Psi on input line 53.
LaTeX Font Info:    Redeclaring math symbol \Omega on input line 53.
LaTeX Font Info:    Redeclaring math symbol \mathdollar on input line 53.
LaTeX Font Info:    Redeclaring symbol font `operators' on input line 53.
LaTeX Font Info:    Encoding `OT1' has changed to `TU' for symbol font
(Font)              `operators' in the math version `normal' on input line 53.
LaTeX Font Info:    Overwriting symbol font `operators' in version `normal'
(Font)                  OT1/cmr/m/n --> TU/times.ttf(0)/m/n on input line 53.
LaTeX Font Info:    Encoding `OT1' has changed to `TU' for symbol font
(Font)              `operators' in the math version `bold' on input line 53.
LaTeX Font Info:    Overwriting symbol font `operators' in version `bold'
(Font)                  OT1/cmr/bx/n --> TU/times.ttf(0)/m/n on input line 53.
LaTeX Font Info:    Overwriting symbol font `operators' in version `normal'
(Font)                  TU/times.ttf(0)/m/n --> TU/times.ttf(0)/m/n on input li
ne 53.
LaTeX Font Info:    Overwriting math alphabet `\mathit' in version `normal'
(Font)                  OT1/cmr/m/it --> TU/times.ttf(0)/m/it on input line 53.

LaTeX Font Info:    Overwriting math alphabet `\mathbf' in version `normal'
(Font)                  OT1/cmr/bx/n --> TU/times.ttf(0)/b/n on input line 53.
LaTeX Font Info:    Overwriting math alphabet `\mathsf' in version `normal'
(Font)                  OT1/cmss/m/n --> TU/lmss/m/n on input line 53.
LaTeX Font Info:    Overwriting math alphabet `\mathtt' in version `normal'
(Font)                  OT1/cmtt/m/n --> TU/lmtt/m/n on input line 53.
LaTeX Font Info:    Overwriting symbol font `operators' in version `bold'
(Font)                  TU/times.ttf(0)/m/n --> TU/times.ttf(0)/b/n on input li
ne 53.
LaTeX Font Info:    Overwriting math alphabet `\mathit' in version `bold'
(Font)                  OT1/cmr/bx/it --> TU/times.ttf(0)/b/it on input line 53
.
LaTeX Font Info:    Overwriting math alphabet `\mathsf' in version `bold'
(Font)                  OT1/cmss/bx/n --> TU/lmss/b/n on input line 53.
LaTeX Font Info:    Overwriting math alphabet `\mathtt' in version `bold'
(Font)                  OT1/cmtt/m/n --> TU/lmtt/b/n on input line 53.
Package hyperref Info: Link coloring OFF on input line 53.

(C:/Users\pc\Documents\Gradient\_Assets\pdfs\简历\resume-ant-agentteam-education-
v4.out)
(C:/Users\pc\Documents\Gradient\_Assets\pdfs\简历\resume-ant-agentteam-education-
v4.out)
\@outlinefile=\write3
\openout3 = `resume-ant-agentteam-education-v4.out'.


*geometry* driver: auto-detecting
*geometry* detected driver: xetex
*geometry* verbose mode - [ preamble ] result:
* driver: xetex
* paper: a4paper
* layout: <same size as paper>
* layoutoffset:(h,v)=(0.0pt,0.0pt)
* modes: 
* h-part:(L,W,R)=(58.32814pt, 480.8516pt, 58.32814pt)
* v-part:(T,H,B)=(48.36967pt, 748.3075pt, 48.36967pt)
* \paperwidth=597.50787pt
* \paperheight=845.04684pt
* \textwidth=480.8516pt
* \textheight=748.3075pt
* \oddsidemargin=-13.94185pt
* \evensidemargin=-13.94185pt
* \topmargin=-23.90031pt
* \headheight=0.0pt
* \headsep=0.0pt
* \topskip=11.0pt
* \footskip=30.0pt
* \marginparwidth=59.0pt
* \marginparsep=10.0pt
* \columnsep=10.0pt
* \skip\footins=10.0pt plus 4.0pt minus 2.0pt
* \hoffset=0.0pt
* \voffset=0.0pt
* \mag=1000
* \@twocolumnfalse
* \@twosidefalse
* \@mparswitchfalse
* \@reversemarginfalse
* (1in=72.27pt=25.4mm, 1cm=28.453pt)

LaTeX Font Info:    Font shape `TU/FontAwesome(0)/m/n' will be
(Font)              scaled to size 8.07506pt on input line 64.
LaTeX Font Info:    Font shape `TU/FontAwesome(0)/m/n' will be
(Font)              scaled to size 10.20007pt on input line 66.

Package fontspec Info: 
(fontspec)             Font family 'NotoSerifCJKsc-Regular.otf(1)' created for
(fontspec)             font 'NotoSerifCJKsc-Regular.otf' with options
(fontspec)             [Ligatures=TeX,Script={CJK}].
(fontspec)              
(fontspec)              This font family consists of the following NFSS
(fontspec)             series/shapes:
(fontspec)              
(fontspec)             - 'normal' (m/n) with NFSS spec.:
(fontspec)             <->"[NotoSerifCJKsc-Regular.otf]/OT:script=hani;language
=dflt;mapping=tex-text;"

[1

] [2] [3]
(C:/Users\pc\Documents\Gradient\_Assets\pdfs\简历\resume-ant-agentteam-education-
v4.aux)
 ***********
LaTeX2e <2026-06-01>
L3 programming layer <2026/08/21>
 ***********
Package rerunfilecheck Info: File `resume-ant-agentteam-education-v4.out' has n
ot changed.
(rerunfilecheck)             Checksum: 302A7937D328EA02047E3173A89F8B66;1890.
 ) 
Here is how much of TeX's memory you used:
 16432 strings out of 402629
 348680 string characters out of 5444510
 851737 words of memory out of 5000000
 45295 multiletter control sequences out of 15000+600000
 629063 words of font info for 96 fonts, out of 8000000 for 9000
 1348 hyphenation exceptions out of 8191
 103i,5n,123p,564b,521s stack positions out of 10000i,1000n,20000p,200000b,200000s

Output written on C:/Users\pc\Documents\Gradient\_Assets\pdfs\简历\resume-ant-age
ntteam-education-v4.pdf (3 pages).
